{
  "regime": "H0",
  "condition": "nominal",
  "rep": 2,
  "seed": 24195444,
  "prefix_version": "v1",
  "prefix_tokens": 14785,
  "target_context_tokens": 32768,
  "n_sessions": 20,
  "turns_generated": 298,
  "history_tokens_final": 8270,
  "requests_sent": 20,
  "hitrate_target": "H0",
  "hitrate_realized": null,
  "prefix_cache_hits_delta": null,
  "prefix_cache_queries_delta": null,
  "sampling_params": {
    "turns_mean": 31,
    "turns_std": 20,
    "turns_min": 6,
    "turns_max": 65,
    "append_out_ratio_mean": 4.8,
    "output_tokens_mean": 180,
    "output_tokens_std": 90,
    "failure_inflation": 1.8
  },
  "error": null
}

wrote /root/agentic-kv-energy-experiment/sim-results/calibration/H0_nominal_rep2/manifest.json
