{
  "regime": "H1",
  "condition": "nominal",
  "rep": 3,
  "seed": 100010352,
  "prefix_version": "v1",
  "prefix_tokens": 14785,
  "target_context_tokens": 32768,
  "n_sessions": 8,
  "turns_generated": 47,
  "history_tokens_final": 6007,
  "sessions_growth_stopped": 5,
  "max_session_tokens": 32238,
  "requests_sent": 8,
  "hitrate_target": "H1",
  "hitrate_realized": null,
  "prefix_cache_hits_delta": null,
  "prefix_cache_queries_delta": null,
  "sampling_params": {
    "turns_mean": 31,
    "turns_std": 20,
    "turns_min": 6,
    "turns_max": 65,
    "append_out_ratio_mean": 4.8,
    "output_tokens_mean": 180,
    "output_tokens_std": 90,
    "failure_inflation": 1.8
  },
  "error": null
}

wrote /home/ubuntu/exp-results/calib-20260711/H1_nominal_rep3/manifest.json
