{
  "regime": "H1",
  "condition": "nominal",
  "rep": 1,
  "seed": 100010350,
  "prefix_version": "v1",
  "prefix_tokens": 14785,
  "target_context_tokens": 32768,
  "n_sessions": 8,
  "turns_generated": 49,
  "history_tokens_final": 5923,
  "requests_sent": 8,
  "hitrate_target": "H1",
  "hitrate_realized": null,
  "prefix_cache_hits_delta": null,
  "prefix_cache_queries_delta": null,
  "sampling_params": {
    "turns_mean": 31,
    "turns_std": 20,
    "turns_min": 6,
    "turns_max": 65,
    "append_out_ratio_mean": 4.8,
    "output_tokens_mean": 180,
    "output_tokens_std": 90,
    "failure_inflation": 1.8
  },
  "error": null
}

wrote /home/ubuntu/exp-results/calib-20260710/H1_nominal_rep1/manifest.json
Warning: You are sending unauthenticated requests to the HF Hub. Please set a HF_TOKEN to enable higher rate limits and faster downloads.
